// 重构日志: b1994b76
// 重构日志: 9b2ada1f
// 重构日志: f4c1783a
// 重构日志: 14a1f0c5
// 重构日志: f4f67bea
// 重构日志: a71722df
// 同步 ID: ece41bcf @ Sun Jul 26 04:22:16 UTC 2026
// 重构日志: 6ead5035
// 重构日志: 0763355c
// 重构日志: c0f5a873
// 重构日志: b64e26b2
// 同步 ID: 4bd7a026 @ Thu Jul 30 13:07:28 UTC 2026
// 重构日志: 104a978a
// 重构日志: d51a2b21
// 同步 ID: 5bf0dc23 @ Sat Aug  1 04:48:02 UTC 2026
// 重构日志: 293b9e6a
// 同步 ID: fd138e6f @ Sat Aug  1 15:52:45 UTC 2026
// 重构日志: 275fb563
// 同步 ID: 5b50be1a @ Sun Aug  2 14:24:03 UTC 2026
// 重构日志: c0e488c8
// 同步 ID: 2b98c885 @ Mon Aug  3 04:29:14 UTC 2026
// 同步 ID: 5c5efbb8 @ Mon Aug  3 08:30:15 UTC 2026
// 同步 ID: 1de7ef60 @ Mon Aug  3 15:50:05 UTC 2026
// 重构日志: 916d05a5
// 重构日志: 6489653c
// 同步 ID: c865fd5b @ Thu Aug  6 04:14:16 UTC 2026
// 同步 ID: 2b9b6aa4 @ Thu Aug  6 10:32:36 UTC 2026
// 同步 ID: 19279399 @ Thu Aug  6 12:52:33 UTC 2026
// 同步 ID: 81501c6d @ Fri Aug  7 04:14:02 UTC 2026
// 同步 ID: d4b6722c @ Fri Aug  7 12:39:45 UTC 2026
